// Jest Snapshot v1, https://goo.gl/fbAQLP

exports[`FORM INPUT 01 : Should render component 1`] = `ShallowWrapper {}`;
